[debug][startup] stream=F:\sign_language\new_sign_python\unity_gesture_stream_0000197996356050556-CELERY.jsonl left_fbx=F:\sign_language\new_sign_language\LeftHand.fbx right_fbx=F:\sign_language\new_sign_language\RightHand.fbx fps=25.0 hand_separation=0.22 hide_after_miss=30 model_scale=0.017 landmark_scale=11.0 root_motion_scale=0.12 pos_smooth=0.8 rot_smooth=0.82 wrist_stability=0.65 forward_mode=table finger_follow_hand=True bone_forward=0,1,0 debug_max_frames=26 debug_bones=['L_IndexDistal', 'L_IndexIntermediate', 'L_LittleMetacarpal', 'L_ThumbMetacarpal']
[debug][Left] init bone_forward=(0.0, 1.0, 0.0)
[debug][Left] local_fwd L_IndexDistal = (0.0000, 0.0000, -1.0000)
[debug][Left] local_fwd L_IndexIntermediate = (0.0000, 0.0000, -1.0000)
[debug][Left] local_fwd L_IndexMetacarpal = (0.0000, 0.0000, 1.0000)
[debug][Left] local_fwd L_IndexProximal = (0.0000, 0.0000, -1.0000)
[debug][Left] local_fwd L_LittleDistal = (0.0000, 0.0000, -1.0000)
[debug][Left] local_fwd L_LittleIntermediate = (0.0000, 0.0000, -1.0000)
[debug][Left] local_fwd L_LittleMetacarpal = (-1.0000, 0.0000, 0.0000)
[debug][Left] local_fwd L_LittleProximal = (0.0000, 0.0000, -1.0000)
[debug][Left] local_fwd L_MiddleDistal = (0.0000, 0.0000, -1.0000)
[debug][Left] local_fwd L_MiddleIntermediate = (0.0000, 0.0000, -1.0000)
[debug][Left] local_fwd L_MiddleMetacarpal = (0.0000, 0.0000, 1.0000)
[debug][Left] local_fwd L_MiddleProximal = (0.0000, 0.0000, -1.0000)
[debug][Left] local_fwd L_RingDistal = (0.0000, 0.0000, -1.0000)
[debug][Left] local_fwd L_RingIntermediate = (0.0000, 0.0000, -1.0000)
[debug][Left] local_fwd L_RingMetacarpal = (0.0000, 0.0000, 1.0000)
[debug][Left] local_fwd L_RingProximal = (0.0000, 0.0000, -1.0000)
[debug][Left] local_fwd L_ThumbDistal = (0.0000, 0.0000, 1.0000)
[debug][Left] local_fwd L_ThumbMetacarpal = (0.0000, 0.0000, -1.0000)
[debug][Left] local_fwd L_ThumbProximal = (0.0000, 0.0000, 1.0000)
[debug][Left] local_fwd L_Wrist = (0.0000, 0.0000, 1.0000)
[debug][Right] init bone_forward=(0.0, 1.0, 0.0)
[debug][Right] local_fwd R_IndexDistal = (0.0000, 0.0000, -1.0000)
[debug][Right] local_fwd R_IndexIntermediate = (0.0000, 0.0000, -1.0000)
[debug][Right] local_fwd R_IndexMetacarpal = (0.0000, 0.0000, 1.0000)
[debug][Right] local_fwd R_IndexProximal = (0.0000, 0.0000, -1.0000)
[debug][Right] local_fwd R_LittleDistal = (0.0000, 0.0000, -1.0000)
[debug][Right] local_fwd R_LittleIntermediate = (0.0000, 0.0000, -1.0000)
[debug][Right] local_fwd R_LittleMetacarpal = (1.0000, 0.0000, 0.0000)
[debug][Right] local_fwd R_LittleProximal = (0.0000, 0.0000, -1.0000)
[debug][Right] local_fwd R_MiddleDistal = (0.0000, 0.0000, -1.0000)
[debug][Right] local_fwd R_MiddleIntermediate = (0.0000, 0.0000, -1.0000)
[debug][Right] local_fwd R_MiddleMetacarpal = (0.0000, 0.0000, 1.0000)
[debug][Right] local_fwd R_MiddleProximal = (0.0000, 0.0000, -1.0000)
[debug][Right] local_fwd R_RingDistal = (0.0000, 0.0000, -1.0000)
[debug][Right] local_fwd R_RingIntermediate = (0.0000, 0.0000, -1.0000)
[debug][Right] local_fwd R_RingMetacarpal = (0.0000, 0.0000, 1.0000)
[debug][Right] local_fwd R_RingProximal = (0.0000, 0.0000, -1.0000)
[debug][Right] local_fwd R_ThumbDistal = (0.0000, 1.0000, 0.0000)
[debug][Right] local_fwd R_ThumbMetacarpal = (0.0000, 0.0000, -1.0000)
[debug][Right] local_fwd R_ThumbProximal = (0.0000, 1.0000, 0.0000)
[debug][Right] local_fwd R_Wrist = (0.0000, 0.0000, 1.0000)
[debug][frame 0] hands=0 types=[]
[debug][frame 1] hands=0 types=[]
[debug][frame 2] hands=0 types=[]
[debug][frame 3] hands=0 types=[]
[debug][frame 4] hands=0 types=[]
[debug][frame 5] hands=0 types=[]
[debug][frame 6] hands=0 types=[]
[debug][frame 7] hands=0 types=[]
[debug][frame 8] hands=0 types=[]
[debug][frame 9] hands=0 types=[]
[debug][frame 10] hands=0 types=[]
[debug][frame 11] hands=1 types=['Left']
[debug][Left][frame 11] auto-calibrate axis/order start (target_frames=6)
[debug][Left][frame 11] auto-cal progress 1/6
[debug][Left][frame 11] root=(-0.0269,-0.0000,-0.0648) palm_up=(0.1142,0.8754,0.4697) palm_n=(0.0633,-0.4852,0.8721) r_hand_hpr=LVecBase3f(175.51654, 49.455883, 6.894272)
[debug][Left][frame 11] bone=L_ThumbMetacarpal alpha=0.180 local_fwd=(0.000,0.000,-1.000) sign=+1 target_dir=(0.607,-0.127,0.784) curr_fwd=(0.999,0.035,0.013) swing_mix=0.300 base_order=r*rest base_dot=0.613 base_hpr=LVecBase3f(-179.20041, 57.80383, 91.43192) swing_hpr=LVecBase3f(-2.7228062, 0.9097936, -14.713476) target_hpr=LVecBase3f(179.33052, 55.050315, 77.92121) smoothed_hpr=LVector3f(86.98372, -17.53245, -15.386198)
[debug][Left][frame 11] fallback bone=L_IndexProximal from(sign=+1,order=r*rest,dot=-0.632) to(sign=-1,order=r*rest,dot=0.632)
[debug][Left][frame 11] fallback bone=L_IndexIntermediate from(sign=+1,order=r*rest,dot=-0.339) to(sign=-1,order=r*rest,dot=0.339)
[debug][Left][frame 11] bone=L_IndexIntermediate alpha=0.180 local_fwd=(0.000,0.000,-1.000) sign=-1 target_dir=(0.387,-0.504,0.772) curr_fwd=(-0.020,0.570,0.821) swing_mix=0.232 base_order=r*rest base_dot=0.339 base_hpr=LVecBase3f(174.0985, 34.52701, 4.492252) swing_hpr=LVecBase3f(-3.8800683, 12.939184, 5.574417) target_hpr=LVecBase3f(167.09027, 46.95267, 14.230541) smoothed_hpr=LVector3f(27.492521, 20.759416, 3.2584445)
[debug][Left][frame 11] bone=L_IndexDistal alpha=0.180 local_fwd=(0.000,0.000,-1.000) sign=+1 target_dir=(0.666,-0.657,0.352) curr_fwd=(0.002,-0.766,-0.642) swing_mix=0.132 base_order=r*rest base_dot=0.279 base_hpr=LVecBase3f(177.12784, 49.99313, 2.3143746) swing_hpr=LVecBase3f(4.0722484, -5.8812923, -3.3641111) target_hpr=LVecBase3f(-176.89883, 44.10896, -5.6388583) smoothed_hpr=LVector3f(-33.378017, 7.615896, 1.4307275)
[debug][Left][frame 11] fallback bone=L_MiddleProximal from(sign=+1,order=r*rest,dot=-0.439) to(sign=-1,order=r*rest,dot=0.439)
[debug][Left][frame 11] fallback bone=L_RingProximal from(sign=+1,order=r*rest,dot=-0.281) to(sign=-1,order=r*rest,dot=0.281)
[debug][Left][frame 11] fallback bone=L_LittleMetacarpal from(sign=+1,order=r*rest,dot=-0.298) to(sign=+1,order=rest*r,dot=0.407)
[debug][Left][frame 11] bone=L_LittleMetacarpal alpha=0.180 local_fwd=(-1.000,0.000,0.000) sign=+1 target_dir=(-0.161,-0.118,0.980) curr_fwd=(0.835,-0.032,0.549) swing_mix=0.300 base_order=rest*r base_dot=0.407 base_hpr=LVecBase3f(143.80736, 40.389335, 46.141132) swing_hpr=LVecBase3f(-1.9558347, 0.99758446, -18.28376) target_hpr=LVecBase3f(141.11316, 39.639122, 29.572872) smoothed_hpr=LVector3f(5.75372, 6.0724873, 18.625473)
[debug][Left][frame 11] fallback bone=L_LittleProximal from(sign=+1,order=r*rest,dot=0.003) to(sign=-1,order=rest*r,dot=0.213)
[debug][frame 12] hands=1 types=['Left']
[debug][Left][frame 12] auto-cal progress 2/6
[debug][Left][frame 12] root=(-0.0488,-0.0000,-0.1167) palm_up=(0.1854,0.6424,0.7436) palm_n=(0.1001,-0.7693,0.6310) r_hand_hpr=LVecBase3f(159.44375, 69.087005, 26.32451)
[debug][Left][frame 12] bone=L_ThumbMetacarpal alpha=0.180 local_fwd=(0.000,0.000,-1.000) sign=+1 target_dir=(0.600,-0.114,0.792) curr_fwd=(0.928,-0.089,0.361) swing_mix=0.300 base_order=r*rest base_dot=0.853 base_hpr=LVecBase3f(148.11441, 48.98414, 123.386154) swing_hpr=LVecBase3f(-0.9706526, -0.4402721, -9.239384) target_hpr=LVecBase3f(149.47288, 48.407917, 113.12995) smoothed_hpr=LVector3f(98.231765, -5.6631836, 7.746709)
[debug][Left][frame 12] fallback bone=L_IndexProximal from(sign=+1,order=r*rest,dot=-0.310) to(sign=-1,order=r*rest,dot=0.310)
[debug][Left][frame 12] fallback bone=L_IndexIntermediate from(sign=+1,order=r*rest,dot=0.002) to(sign=+1,order=rest*r,dot=0.466)
[debug][Left][frame 12] bone=L_IndexIntermediate alpha=0.180 local_fwd=(0.000,0.000,-1.000) sign=+1 target_dir=(0.401,-0.487,0.776) curr_fwd=(0.085,-0.994,-0.067) swing_mix=0.444 base_order=rest*r base_dot=0.466 base_hpr=LVecBase3f(112.052474, 77.25004, 72.435585) swing_hpr=LVecBase3f(11.055863, -24.861234, -0.46483477) target_hpr=LVecBase3f(-177.21686, 61.299396, 1.8581352) smoothed_hpr=LVector3f(55.44483, 28.056613, 3.006389)
[debug][Left][frame 12] bone=L_IndexDistal alpha=0.180 local_fwd=(0.000,0.000,-1.000) sign=+1 target_dir=(0.664,-0.613,0.428) curr_fwd=(0.074,-0.945,-0.319) swing_mix=0.486 base_order=r*rest base_dot=0.491 base_hpr=LVecBase3f(164.97812, 70.33227, 18.417642) swing_hpr=LVecBase3f(18.95894, -21.175231, -4.796624) target_hpr=LVecBase3f(-157.84124, 48.358093, -22.79996) smoothed_hpr=LVector3f(-55.7814, 14.9494915, -2.9307961)
[debug][Left][frame 12] fallback bone=L_MiddleProximal from(sign=+1,order=r*rest,dot=-0.110) to(sign=+1,order=rest*r,dot=0.583)
[debug][Left][frame 12] fallback bone=L_RingProximal from(sign=+1,order=r*rest,dot=0.080) to(sign=+1,order=rest*r,dot=0.496)
[debug][Left][frame 12] fallback bone=L_LittleMetacarpal from(sign=+1,order=r*rest,dot=-0.228) to(sign=+1,order=rest*r,dot=0.449)
[debug][Left][frame 12] bone=L_LittleMetacarpal alpha=0.180 local_fwd=(-1.000,0.000,0.000) sign=+1 target_dir=(-0.151,-0.105,0.983) curr_fwd=(0.778,0.194,0.597) swing_mix=0.300 base_order=rest*r base_dot=0.449 base_hpr=LVecBase3f(124.85826, 51.436424, 73.42128) swing_hpr=LVecBase3f(-0.27802607, 5.127947, -17.03345) target_hpr=LVecBase3f(116.66523, 52.352993, 62.8267) smoothed_hpr=LVector3f(25.717792, 14.402978, 26.581693)
[debug][frame 13] hands=1 types=['Left']
[debug][Left][frame 13] auto-cal progress 3/6
[debug][Left][frame 13] root=(-0.0675,-0.0000,-0.1548) palm_up=(0.2365,0.4340,0.8693) palm_n=(0.1262,-0.9029,0.4109) r_hand_hpr=LVecBase3f(117.756355, 78.03637, 71.20553)
[debug][Left][frame 13] bone=L_ThumbMetacarpal alpha=0.180 local_fwd=(0.000,0.000,-1.000) sign=+1 target_dir=(0.670,-0.122,0.732) curr_fwd=(0.801,-0.159,0.577) swing_mix=0.300 base_order=r*rest base_dot=0.979 base_hpr=LVecBase3f(134.3242, 38.675647, 137.64518) swing_hpr=LVecBase3f(0.12479715, -0.79898524, -3.4577476) target_hpr=LVecBase3f(134.90106, 39.348762, 133.82344) smoothed_hpr=LVector3f(104.83224, 2.4389665, 30.440521)
[debug][Left][frame 13] fallback bone=L_ThumbDistal from(sign=+1,order=r*rest,dot=0.002) to(sign=-1,order=rest*r,dot=0.348)
[debug][Left][frame 13] fallback bone=L_IndexProximal from(sign=+1,order=r*rest,dot=-0.009) to(sign=+1,order=rest*r,dot=0.439)
[debug][Left][frame 13] bone=L_IndexIntermediate alpha=0.180 local_fwd=(0.000,0.000,-1.000) sign=+1 target_dir=(0.436,-0.738,0.516) curr_fwd=(0.109,-0.940,-0.322) swing_mix=0.626 base_order=r*rest base_dot=0.576 base_hpr=LVecBase3f(150.91197, 67.28324, 33.56209) swing_hpr=LVecBase3f(13.00725, -31.504894, -4.9559564) target_hpr=LVecBase3f(-173.38977, 39.723564, -4.9260516) smoothed_hpr=LVector3f(79.0546, 30.156665, 1.5785496)
[debug][Left][frame 13] bone=L_IndexDistal alpha=0.180 local_fwd=(0.000,0.000,-1.000) sign=+1 target_dir=(0.528,-0.780,-0.336) curr_fwd=(0.126,-0.990,-0.068) swing_mix=1.000 base_order=r*rest base_dot=0.861 base_hpr=LVecBase3f(122.27776, 80.801605, 64.69172) swing_hpr=LVecBase3f(26.194131, 16.322557, -3.435325) target_hpr=LVecBase3f(-46.23132, 68.51092, -126.766304) smoothed_hpr=LVector3f(-54.062385, 24.590547, -25.221187)
[debug][Left][frame 13] fallback bone=L_RingDistal from(sign=+1,order=r*rest,dot=0.051) to(sign=-1,order=rest*r,dot=0.273)
[debug][Left][frame 13] fallback bone=L_LittleMetacarpal from(sign=+1,order=r*rest,dot=-0.156) to(sign=+1,order=rest*r,dot=0.457)
[debug][Left][frame 13] bone=L_LittleMetacarpal alpha=0.180 local_fwd=(-1.000,0.000,0.000) sign=+1 target_dir=(-0.104,-0.105,0.989) curr_fwd=(0.730,0.365,0.577) swing_mix=0.300 base_order=rest*r base_dot=0.457 base_hpr=LVecBase3f(106.939, 54.348423, 97.8188) swing_hpr=LVecBase3f(0.36883962, 8.382073, -15.611593) target_hpr=LVecBase3f(93.051185, 52.749683, 93.42552) smoothed_hpr=LVector3f(37.837802, 21.305385, 38.613582)
[debug][Left][frame 13] fallback bone=L_LittleDistal from(sign=+1,order=r*rest,dot=0.053) to(sign=-1,order=rest*r,dot=0.355)
[debug][frame 14] hands=1 types=['Left']
[debug][Left][frame 14] auto-cal progress 4/6
[debug][Left][frame 14] root=(-0.0829,-0.0000,-0.1803) palm_up=(0.2726,0.2766,0.9215) palm_n=(0.1477,-0.9594,0.2405) r_hand_hpr=LVecBase3f(73.3613, 76.34248, 118.46976)
[debug][Left][frame 14] bone=L_ThumbMetacarpal alpha=0.180 local_fwd=(0.000,0.000,-1.000) sign=+1 target_dir=(0.728,-0.145,0.670) curr_fwd=(0.679,-0.195,0.708) swing_mix=0.300 base_order=r*rest base_dot=0.997 base_hpr=LVecBase3f(127.69439, 30.600404, 145.2919) swing_hpr=LVecBase3f(0.74977213, -0.4732174, 1.0377703) target_hpr=LVecBase3f(127.287925, 31.415712, 146.53598) smoothed_hpr=LVector3f(108.87426, 7.654781, 51.337703)
[debug][Left][frame 14] fallback bone=L_ThumbProximal from(sign=+1,order=r*rest,dot=0.096) to(sign=-1,order=rest*r,dot=0.717)
[debug][Left][frame 14] fallback bone=L_ThumbDistal from(sign=+1,order=r*rest,dot=-0.274) to(sign=-1,order=rest*r,dot=0.547)
[debug][Left][frame 14] fallback bone=L_IndexMetacarpal from(sign=+1,order=r*rest,dot=-0.207) to(sign=-1,order=r*rest,dot=0.207)
[debug][Left][frame 14] bone=L_IndexIntermediate alpha=0.180 local_fwd=(0.000,0.000,-1.000) sign=+1 target_dir=(0.357,-0.923,-0.141) curr_fwd=(0.140,-0.979,-0.147) swing_mix=1.000 base_order=r*rest base_dot=0.975 base_hpr=LVecBase3f(128.32187, 73.5807, 58.77591) swing_hpr=LVecBase3f(12.725637, -0.07690404, -1.8844744) target_hpr=LVecBase3f(178.63948, 81.380615, 7.517478) smoothed_hpr=LVector3f(96.97988, 39.376976, 2.6475567)
[debug][Left][frame 14] bone=L_IndexDistal alpha=0.180 local_fwd=(0.000,0.000,-1.000) sign=+1 target_dir=(0.112,-0.571,-0.813) curr_fwd=(0.166,-0.980,0.109) swing_mix=0.483 base_order=r*rest base_dot=0.490 base_hpr=LVecBase3f(65.143974, 79.019, 124.950553) swing_hpr=LVecBase3f(-0.8162307, 28.7618, 5.239698) target_hpr=LVecBase3f(24.280628, 53.7102, 168.53788) smoothed_hpr=LVector3f(-39.960643, 29.832084, -55.144554)
[debug][Left][frame 14] fallback bone=L_MiddleMetacarpal from(sign=+1,order=r*rest,dot=-0.204) to(sign=-1,order=r*rest,dot=0.204)
[debug][Left][frame 14] fallback bone=L_MiddleDistal from(sign=+1,order=r*rest,dot=-0.169) to(sign=-1,order=r*rest,dot=0.169)
[debug][Left][frame 14] fallback bone=L_RingMetacarpal from(sign=+1,order=r*rest,dot=-0.213) to(sign=-1,order=r*rest,dot=0.213)
[debug][Left][frame 14] fallback bone=L_RingDistal from(sign=+1,order=r*rest,dot=-0.149) to(sign=-1,order=rest*r,dot=0.452)
[debug][Left][frame 14] fallback bone=L_LittleMetacarpal from(sign=+1,order=r*rest,dot=-0.123) to(sign=+1,order=rest*r,dot=0.410)
[debug][Left][frame 14] bone=L_LittleMetacarpal alpha=0.180 local_fwd=(-1.000,0.000,0.000) sign=+1 target_dir=(-0.079,-0.130,0.988) curr_fwd=(0.692,0.485,0.535) swing_mix=0.300 base_order=rest*r base_dot=0.410 base_hpr=LVecBase3f(94.49704, 53.71135, 115.395515) swing_hpr=LVecBase3f(0.39054024, 11.067763, -14.734689) target_hpr=LVecBase3f(79.149826, 48.235187, 112.66303) smoothed_hpr=LVector3f(45.273967, 26.15275, 51.942481)
[debug][Left][frame 14] fallback bone=L_LittleDistal from(sign=+1,order=r*rest,dot=-0.152) to(sign=-1,order=rest*r,dot=0.529)
[debug][frame 15] hands=1 types=['Left']
[debug][Left][frame 15] auto-cal progress 5/6
[debug][Left][frame 15] root=(-0.0952,-0.0000,-0.1967) palm_up=(0.2977,0.1657,0.9402) palm_n=(0.1636,-0.9794,0.1182) r_hand_hpr=LVecBase3f(55.467277, 71.84714, 138.6438)
[debug][Left][frame 15] bone=L_ThumbMetacarpal alpha=0.180 local_fwd=(0.000,0.000,-1.000) sign=+1 target_dir=(0.772,-0.160,0.615) curr_fwd=(0.582,-0.212,0.785) swing_mix=0.300 base_order=r*rest base_dot=0.966 base_hpr=LVecBase3f(124.1151, 24.80527, 149.89995) swing_hpr=LVecBase3f(1.2193766, -0.03335458, 4.3010644) target_hpr=LVecBase3f(122.9654, 25.441253, 154.68881) smoothed_hpr=LVector3f(111.41067, 10.856346, 69.9409)
[debug][Left][frame 15] fallback bone=L_ThumbProximal from(sign=+1,order=r*rest,dot=-0.091) to(sign=-1,order=rest*r,dot=0.800)
[debug][Left][frame 15] fallback bone=L_ThumbDistal from(sign=+1,order=r*rest,dot=-0.464) to(sign=-1,order=rest*r,dot=0.659)
[debug][Left][frame 15] fallback bone=L_IndexMetacarpal from(sign=+1,order=r*rest,dot=-0.330) to(sign=-1,order=r*rest,dot=0.330)
[debug][Left][frame 15] bone=L_IndexIntermediate alpha=0.180 local_fwd=(0.000,0.000,-1.000) sign=+1 target_dir=(0.206,-0.793,-0.573) curr_fwd=(0.162,-0.986,-0.023) swing_mix=1.000 base_order=r*rest base_dot=0.829 base_hpr=LVecBase3f(104.34776, 75.267715, 84.83771) swing_hpr=LVecBase3f(3.2524235, 33.416412, 4.5587062) target_hpr=LVecBase3f(26.620142, 56.15469, 163.73495) smoothed_hpr=LVector3f(84.315124, 42.396965, 31.643287)
[debug][Left][frame 15] bone=L_IndexDistal alpha=0.180 local_fwd=(0.000,0.000,-1.000) sign=+1 target_dir=(-0.068,-0.410,-0.909) curr_fwd=(0.194,-0.954,0.229) swing_mix=0.000 base_order=r*rest base_dot=0.170 base_hpr=LVecBase3f(46.59284, 73.957374, 145.95567) swing_hpr=LVecBase3f(0, 0, 0) target_hpr=LVecBase3f(46.59284, 73.957374, 145.95567) smoothed_hpr=LVector3f(-24.381017, 37.774635, -83.74651)
[debug][Left][frame 15] fallback bone=L_MiddleMetacarpal from(sign=+1,order=r*rest,dot=-0.335) to(sign=-1,order=r*rest,dot=0.335)
[debug][Left][frame 15] fallback bone=L_MiddleDistal from(sign=+1,order=r*rest,dot=-0.297) to(sign=-1,order=r*rest,dot=0.297)
[debug][Left][frame 15] fallback bone=L_RingMetacarpal from(sign=+1,order=r*rest,dot=-0.348) to(sign=-1,order=r*rest,dot=0.348)
[debug][Left][frame 15] fallback bone=L_RingDistal from(sign=+1,order=r*rest,dot=-0.284) to(sign=-1,order=rest*r,dot=0.567)
[debug][Left][frame 15] fallback bone=L_LittleMetacarpal from(sign=+1,order=r*rest,dot=-0.114) to(sign=+1,order=rest*r,dot=0.357)
[debug][Left][frame 15] bone=L_LittleMetacarpal alpha=0.180 local_fwd=(-1.000,0.000,0.000) sign=+1 target_dir=(-0.066,-0.147,0.987) curr_fwd=(0.664,0.564,0.491) swing_mix=0.262 base_order=rest*r base_dot=0.357 base_hpr=LVecBase3f(86.88269, 52.17091, 126.84868) swing_hpr=LVecBase3f(0.12018174, 11.093012, -12.141621) target_hpr=LVecBase3f(74.23618, 44.856105, 124.228546) smoothed_hpr=LVector3f(50.487167, 29.519353, 64.95397)
[debug][Left][frame 15] fallback bone=L_LittleDistal from(sign=+1,order=r*rest,dot=-0.288) to(sign=-1,order=rest*r,dot=0.635)
[debug][frame 16] hands=1 types=['Left']
[debug][Left] auto-cal locked bone=L_Wrist avg_dot=0.831 sign=+1 order=r*rest
[debug][Left] auto-cal locked bone=L_ThumbMetacarpal avg_dot=0.889 sign=+1 order=r*rest
[debug][Left] auto-cal locked bone=L_ThumbProximal avg_dot=0.509 sign=-1 order=rest*r
[debug][Left] auto-cal locked bone=L_ThumbDistal avg_dot=0.338 sign=-1 order=rest*r
[debug][Left] auto-cal locked bone=L_IndexMetacarpal avg_dot=0.037 sign=-1 order=r*rest
[debug][Left] auto-cal locked bone=L_IndexProximal avg_dot=0.419 sign=+1 order=rest*r
[debug][Left] auto-cal locked bone=L_IndexIntermediate avg_dot=0.485 sign=+1 order=rest*r
[debug][Left] auto-cal locked bone=L_IndexDistal avg_dot=0.405 sign=+1 order=rest*r
[debug][Left] auto-cal locked bone=L_MiddleMetacarpal avg_dot=0.025 sign=-1 order=r*rest
[debug][Left] auto-cal locked bone=L_MiddleProximal avg_dot=0.707 sign=+1 order=rest*r
[debug][Left] auto-cal locked bone=L_MiddleIntermediate avg_dot=0.568 sign=+1 order=r*rest
[debug][Left] auto-cal locked bone=L_MiddleDistal avg_dot=0.113 sign=+1 order=rest*r
[debug][Left] auto-cal locked bone=L_RingMetacarpal avg_dot=0.030 sign=-1 order=r*rest
[debug][Left] auto-cal locked bone=L_RingProximal avg_dot=0.683 sign=+1 order=rest*r
[debug][Left] auto-cal locked bone=L_RingIntermediate avg_dot=0.552 sign=+1 order=r*rest
[debug][Left] auto-cal locked bone=L_RingDistal avg_dot=0.266 sign=-1 order=rest*r
[debug][Left] auto-cal locked bone=L_LittleMetacarpal avg_dot=0.399 sign=+1 order=rest*r
[debug][Left] auto-cal locked bone=L_LittleProximal avg_dot=0.606 sign=+1 order=r*rest
[debug][Left] auto-cal locked bone=L_LittleIntermediate avg_dot=0.642 sign=-1 order=rest*r
[debug][Left] auto-cal locked bone=L_LittleDistal avg_dot=0.343 sign=-1 order=rest*r
[debug][Left] auto-calibrate axis/order done
[debug][Left][frame 16] root=(-0.1046,-0.0000,-0.2072) palm_up=(0.3114,0.0910,0.9459) palm_n=(0.1847,-0.9823,0.0322) r_hand_hpr=LVecBase3f(47.8907, 68.314674, 148.46493)
[debug][Left][frame 16] bone=L_ThumbMetacarpal alpha=0.180 local_fwd=(0.000,0.000,-1.000) sign=+1 target_dir=(0.792,-0.159,0.589) curr_fwd=(0.508,-0.210,0.835) swing_mix=0.300 base_order=r*rest base_dot=0.928 base_hpr=LVecBase3f(121.884124, 20.950397, 153.46113) swing_hpr=LVecBase3f(1.4926549, 0.23798036, 6.34415) target_hpr=LVecBase3f(120.33568, 21.397373, 160.3677) smoothed_hpr=LVector3f(113.017166, 12.753731, 86.21773)
[debug][Left][frame 16] bone=L_IndexIntermediate alpha=0.180 local_fwd=(0.000,0.000,-1.000) sign=+1 target_dir=(0.132,-0.641,-0.756) curr_fwd=(0.158,-0.823,0.545) swing_mix=0.000 base_order=rest*r base_dot=0.137 base_hpr=LVecBase3f(39.158603, 53.54685, 156.59897) swing_hpr=LVecBase3f(0, 0, 0) target_hpr=LVecBase3f(39.158603, 53.54685, 156.59897) smoothed_hpr=LVector3f(76.18695, 44.403945, 54.13531)
[debug][Left][frame 16] bone=L_IndexDistal alpha=0.180 local_fwd=(0.000,0.000,-1.000) sign=+1 target_dir=(-0.140,-0.379,-0.915) curr_fwd=(0.287,-0.903,0.320) swing_mix=0.000 base_order=rest*r base_dot=0.009 base_hpr=LVecBase3f(52.62777, 67.60218, 147.0627) swing_hpr=LVecBase3f(0, 0, 0) target_hpr=LVecBase3f(52.62777, 67.60218, 147.0627) smoothed_hpr=LVector3f(-10.519436, 43.143592, -107.000854)
[debug][Left][frame 16] fallback bone=L_MiddleDistal from(sign=+1,order=rest*r,dot=-0.272) to(sign=-1,order=r*rest,dot=0.366)
[debug][Left][frame 16] bone=L_LittleMetacarpal alpha=0.180 local_fwd=(-1.000,0.000,0.000) sign=+1 target_dir=(-0.049,-0.162,0.986) curr_fwd=(0.641,0.623,0.449) swing_mix=0.184 base_order=rest*r base_dot=0.310 base_hpr=LVecBase3f(82.58171, 51.041675, 134.45471) swing_hpr=LVecBase3f(-0.31243073, 8.195831, -7.7645845) target_hpr=LVecBase3f(74.646934, 44.785404, 132.56942) smoothed_hpr=LVector3f(54.835926, 32.267242, 77.124755)
[debug][frame 17] hands=0 types=[]
[debug][frame 18] hands=0 types=[]
[debug][frame 19] hands=1 types=['Left']
[debug][Left][frame 19] root=(-0.1127,-0.0000,-0.2196) palm_up=(0.3447,0.0292,0.9383) palm_n=(0.2265,-0.9724,-0.0562) r_hand_hpr=LVecBase3f(45.922863, 64.34931, 154.2806)
[debug][Left][frame 19] bone=L_ThumbMetacarpal alpha=0.180 local_fwd=(0.000,0.000,-1.000) sign=+1 target_dir=(0.727,-0.150,0.670) curr_fwd=(0.428,-0.185,0.885) swing_mix=0.300 base_order=r*rest base_dot=0.932 base_hpr=LVecBase3f(121.356674, 16.938518, 157.64468) swing_hpr=LVecBase3f(1.2118581, 0.22133933, 6.2184352) target_hpr=LVecBase3f(120.09534, 17.190841, 164.23562) smoothed_hpr=LVector3f(114.29124, 13.552411, 100.26095)
[debug][Left][frame 19] fallback bone=L_IndexIntermediate from(sign=+1,order=rest*r,dot=0.016) to(sign=+1,order=r*rest,dot=0.487)
[debug][Left][frame 19] bone=L_IndexIntermediate alpha=0.180 local_fwd=(0.000,0.000,-1.000) sign=+1 target_dir=(-0.106,-0.647,-0.755) curr_fwd=(0.235,-0.961,0.146) swing_mix=0.479 base_order=r*rest base_dot=0.487 base_hpr=LVecBase3f(76.15011, 72.37151, 118.7283) swing_hpr=LVecBase3f(-10.477439, 26.636148, 7.977228) target_hpr=LVecBase3f(48.738342, 46.82476, 148.56158) smoothed_hpr=LVector3f(71.2462, 44.83969, 71.13204)
[debug][Left][frame 19] fallback bone=L_IndexDistal from(sign=+1,order=rest*r,dot=-0.195) to(sign=-1,order=rest*r,dot=0.195)
[debug][Left][frame 19] bone=L_IndexDistal alpha=0.180 local_fwd=(0.000,0.000,-1.000) sign=-1 target_dir=(-0.331,-0.310,-0.891) curr_fwd=(-0.330,0.857,-0.395) swing_mix=0.000 base_order=rest*r base_dot=0.195 base_hpr=LVecBase3f(50.141407, 63.830406, 153.47477) swing_hpr=LVecBase3f(0, 0, 0) target_hpr=LVecBase3f(50.141407, 63.830406, 153.47477) smoothed_hpr=LVector3f(0.39951583, 46.867218, -124.91524)
[debug][Left][frame 19] fallback bone=L_MiddleDistal from(sign=+1,order=rest*r,dot=-0.387) to(sign=-1,order=r*rest,dot=0.468)
[debug][Left][frame 19] fallback bone=L_RingIntermediate from(sign=+1,order=r*rest,dot=0.075) to(sign=-1,order=rest*r,dot=0.872)
[debug][Left][frame 19] bone=L_LittleMetacarpal alpha=0.180 local_fwd=(-1.000,0.000,0.000) sign=+1 target_dir=(0.106,-0.213,0.971) curr_fwd=(0.592,0.692,0.412) swing_mix=0.193 base_order=rest*r base_dot=0.316 base_hpr=LVecBase3f(80.945114, 49.12313, 140.96898) swing_hpr=LVecBase3f(-1.9612882, 9.652911, -6.5178794) target_hpr=LVecBase3f(74.97683, 40.227767, 138.4963) smoothed_hpr=LVector3f(58.46129, 33.700138, 88.17164)
[debug][frame 20] hands=1 types=['Left']
[debug][Left][frame 20] root=(-0.1201,-0.0000,-0.2332) palm_up=(0.3898,-0.0198,0.9207) palm_n=(0.3356,-0.9263,-0.1712) r_hand_hpr=LVecBase3f(46.687755, 60.417984, 162.27556)
[debug][Left][frame 20] bone=L_ThumbMetacarpal alpha=0.180 local_fwd=(0.000,0.000,-1.000) sign=+1 target_dir=(0.672,-0.135,0.728) curr_fwd=(0.313,-0.087,0.946) swing_mix=0.300 base_order=r*rest base_dot=0.910 base_hpr=LVecBase3f(121.98009, 13.037488, 166.1565) swing_hpr=LVecBase3f(0.21432975, 1.1455448, 7.170167) target_hpr=LVecBase3f(121.48721, 11.976037, 173.43554) smoothed_hpr=LVector3f(115.58651, 13.268663, 113.43237)
[debug][Left][frame 20] fallback bone=L_IndexIntermediate from(sign=+1,order=rest*r,dot=-0.203) to(sign=+1,order=r*rest,dot=0.227)
[debug][Left][frame 20] bone=L_IndexIntermediate alpha=0.180 local_fwd=(0.000,0.000,-1.000) sign=+1 target_dir=(-0.349,-0.585,-0.732) curr_fwd=(0.352,-0.904,0.244) swing_mix=0.046 base_order=r*rest base_dot=0.227 base_hpr=LVecBase3f(70.66263, 68.865425, 132.58078) swing_hpr=LVecBase3f(-1.4239144, 2.1774225, 0.495024) target_hpr=LVecBase3f(69.06733, 66.33574, 134.52405) smoothed_hpr=LVector3f(70.854003, 48.70898, 82.5426)
[debug][Left][frame 20] fallback bone=L_IndexDistal from(sign=+1,order=rest*r,dot=-0.436) to(sign=-1,order=rest*r,dot=0.436)
[debug][Left][frame 20] bone=L_IndexDistal alpha=0.180 local_fwd=(0.000,0.000,-1.000) sign=-1 target_dir=(-0.449,-0.223,-0.865) curr_fwd=(-0.439,0.764,-0.473) swing_mix=0.393 base_order=rest*r base_dot=0.436 base_hpr=LVecBase3f(50.51881, 60.16839, 161.93673) swing_hpr=LVecBase3f(11.674858, -21.139644, -2.4365701) target_hpr=LVecBase3f(18.02902, 82.76862, -171.2174) smoothed_hpr=LVector3f(3.5728266, 53.32947, -133.24963)
[debug][Left][frame 20] fallback bone=L_MiddleIntermediate from(sign=+1,order=r*rest,dot=-0.066) to(sign=-1,order=rest*r,dot=0.714)
[debug][Left][frame 20] fallback bone=L_MiddleDistal from(sign=+1,order=rest*r,dot=-0.536) to(sign=-1,order=r*rest,dot=0.603)
[debug][Left][frame 20] fallback bone=L_RingIntermediate from(sign=+1,order=r*rest,dot=-0.130) to(sign=-1,order=rest*r,dot=0.931)
[debug][Left][frame 20] bone=L_LittleMetacarpal alpha=0.180 local_fwd=(-1.000,0.000,0.000) sign=+1 target_dir=(0.302,-0.247,0.921) curr_fwd=(0.488,0.802,0.344) swing_mix=0.111 base_order=rest*r base_dot=0.267 base_hpr=LVecBase3f(82.78709, 48.084415, 148.9795) swing_hpr=LVecBase3f(-2.3902432, 5.720557, -2.2608022) target_hpr=LVecBase3f(81.56948, 41.94593, 147.46173) smoothed_hpr=LVector3f(62.62076, 35.18438, 98.84386)
[debug][frame 21] hands=1 types=['Left']
[debug][Left][frame 21] root=(-0.1267,-0.0000,-0.2468) palm_up=(0.4411,-0.0589,0.8955) palm_n=(0.6286,-0.6902,-0.3584) r_hand_hpr=LVecBase3f(48.64612, 56.581577, -175.35313)
[debug][Left][frame 21] fallback bone=L_Wrist from(sign=+1,order=r*rest,dot=-0.022) to(sign=-1,order=rest*r,dot=0.432)
[debug][Left][frame 21] bone=L_ThumbMetacarpal alpha=0.180 local_fwd=(0.000,0.000,-1.000) sign=+1 target_dir=(0.635,-0.120,0.763) curr_fwd=(0.038,0.232,0.972) swing_mix=0.300 base_order=r*rest base_dot=0.738 base_hpr=LVecBase3f(123.33221, 9.295509, -170.06344) swing_hpr=LVecBase3f(-3.2849161, 5.0894212, 10.9626) target_hpr=LVecBase3f(127.4485, 4.8249926, -159.75343) smoothed_hpr=LVector3f(117.721664, 11.748803, 129.05893)
[debug][Left][frame 21] fallback bone=L_IndexIntermediate from(sign=+1,order=rest*r,dot=-0.615) to(sign=-1,order=rest*r,dot=0.615)
[debug][Left][frame 21] bone=L_IndexIntermediate alpha=0.180 local_fwd=(0.000,0.000,-1.000) sign=-1 target_dir=(-0.570,-0.496,-0.656) curr_fwd=(-0.548,0.377,-0.747) swing_mix=0.691 base_order=rest*r base_dot=0.615 base_hpr=LVecBase3f(54.325794, 41.696002, -179.25189) swing_hpr=LVecBase3f(25.338203, -27.170192, 9.391022) target_hpr=LVecBase3f(2.12985, 60.70002, -133.76072) smoothed_hpr=LVector3f(58.483657, 50.867366, 108.408004)
[debug][Left][frame 21] fallback bone=L_IndexDistal from(sign=+1,order=rest*r,dot=-0.758) to(sign=-1,order=rest*r,dot=0.758)
[debug][Left][frame 21] bone=L_IndexDistal alpha=0.180 local_fwd=(0.000,0.000,-1.000) sign=-1 target_dir=(-0.531,-0.156,-0.833) curr_fwd=(-0.711,0.449,-0.542) swing_mix=0.931 base_order=rest*r base_dot=0.758 base_hpr=LVecBase3f(52.024543, 57.081634, -175.19233) swing_hpr=LVecBase3f(17.327568, -29.113374, -13.788655) target_hpr=LVecBase3f(-25.833658, 72.12548, -120.805664) smoothed_hpr=LVector3f(-1.7203406, 56.712753, -131.00972)
[debug][Left][frame 21] fallback bone=L_MiddleIntermediate from(sign=+1,order=r*rest,dot=-0.446) to(sign=-1,order=rest*r,dot=0.904)
[debug][Left][frame 21] fallback bone=L_MiddleDistal from(sign=+1,order=rest*r,dot=-0.754) to(sign=-1,order=r*rest,dot=0.803)
[debug][Left][frame 21] fallback bone=L_RingIntermediate from(sign=+1,order=r*rest,dot=-0.514) to(sign=-1,order=rest*r,dot=0.998)
[debug][Left][frame 21] bone=L_LittleMetacarpal alpha=0.180 local_fwd=(-1.000,0.000,0.000) sign=+1 target_dir=(0.500,-0.271,0.822) curr_fwd=(0.179,0.974,0.138) swing_mix=0.000 base_order=rest*r base_dot=-0.062 base_hpr=LVecBase3f(90.04662, 52.474613, 166.91304) swing_hpr=LVecBase3f(0, 0, 0) target_hpr=LVecBase3f(90.04662, 52.474613, 166.91304) smoothed_hpr=LVector3f(67.55742, 38.296623, 111.09631)
[debug][frame 22] hands=1 types=['Left']
[debug][Left][frame 22] root=(-0.1320,-0.0000,-0.2619) palm_up=(0.4893,-0.0957,0.8668) palm_n=(0.8664,-0.2291,-0.4438) r_hand_hpr=LVecBase3f(50.280082, 52.853893, -146.16282)
[debug][Left][frame 22] fallback bone=L_Wrist from(sign=+1,order=r*rest,dot=-0.582) to(sign=-1,order=r*rest,dot=0.582)
[debug][Left][frame 22] bone=L_ThumbMetacarpal alpha=0.180 local_fwd=(0.000,0.000,-1.000) sign=+1 target_dir=(0.561,-0.116,0.819) curr_fwd=(-0.306,0.575,0.759) swing_mix=0.300 base_order=r*rest base_dot=0.384 base_hpr=LVecBase3f(124.66356, 5.684084, -139.7122) swing_hpr=LVecBase3f(-7.228347, 10.523733, 14.476789) target_hpr=LVecBase3f(136.9393, 2.1529297, -126.7445) smoothed_hpr=LVector3f(121.18084, 10.021546, 147.81431)
[debug][Left][frame 22] fallback bone=L_IndexIntermediate from(sign=+1,order=rest*r,dot=-0.956) to(sign=-1,order=rest*r,dot=0.956)
[debug][Left][frame 22] bone=L_IndexIntermediate alpha=0.180 local_fwd=(0.000,0.000,-1.000) sign=-1 target_dir=(-0.787,-0.335,-0.518) curr_fwd=(-0.715,-0.106,-0.691) swing_mix=1.000 base_order=rest*r base_dot=0.956 base_hpr=LVecBase3f(64.73944, 41.048088, -156.37686) swing_hpr=LVecBase3f(10.021642, -9.356201, 10.972118) target_hpr=LVecBase3f(46.6275, 44.30759, -133.88887) smoothed_hpr=LVector3f(56.34955, 49.686607, 129.59457)
[debug][Left][frame 22] fallback bone=L_IndexDistal from(sign=+1,order=rest*r,dot=-0.863) to(sign=-1,order=rest*r,dot=0.863)
[debug][Left][frame 22] bone=L_IndexDistal alpha=0.180 local_fwd=(0.000,0.000,-1.000) sign=-1 target_dir=(-0.512,-0.087,-0.854) curr_fwd=(-0.876,-0.051,-0.479) swing_mix=1.000 base_order=rest*r base_dot=0.863 base_hpr=LVecBase3f(52.564804, 54.20368, -145.01127) swing_hpr=LVecBase3f(2.8797526, -0.6310622, -30.208362) target_hpr=LVecBase3f(48.042224, 52.982963, -171.59474) smoothed_hpr=LVector3f(7.2369213, 56.04139, -138.31502)
[debug][Left][frame 22] fallback bone=L_MiddleIntermediate from(sign=+1,order=r*rest,dot=-0.848) to(sign=-1,order=rest*r,dot=0.993)
[debug][Left][frame 22] fallback bone=L_MiddleDistal from(sign=+1,order=rest*r,dot=-0.788) to(sign=-1,order=r*rest,dot=0.823)
[debug][Left][frame 22] fallback bone=L_RingIntermediate from(sign=+1,order=r*rest,dot=-0.857) to(sign=-1,order=rest*r,dot=0.898)
[debug][Left][frame 22] fallback bone=L_LittleMetacarpal from(sign=+1,order=rest*r,dot=-0.498) to(sign=-1,order=rest*r,dot=0.498)
[debug][Left][frame 22] bone=L_LittleMetacarpal alpha=0.180 local_fwd=(-1.000,0.000,0.000) sign=-1 target_dir=(0.631,-0.258,0.732) curr_fwd=(0.260,-0.958,0.119) swing_mix=0.300 base_order=rest*r base_dot=0.498 base_hpr=LVecBase3f(92.60034, 61.173244, -165.72925) swing_hpr=LVecBase3f(10.483194, -13.305867, -1.0507649) target_hpr=LVecBase3f(55.710136, 67.6432, -134.47218) smoothed_hpr=LVector3f(65.42491, 43.579006, 131.69398)
[debug][frame 23] hands=1 types=['Left']
[debug][Left][frame 23] root=(-0.1357,-0.0000,-0.2774) palm_up=(0.5292,-0.1265,0.8390) palm_n=(0.8887,0.2500,-0.3843) r_hand_hpr=LVecBase3f(51.52221, 49.650875, -118.87712)
[debug][Left][frame 23] fallback bone=L_Wrist from(sign=+1,order=r*rest,dot=-0.912) to(sign=-1,order=r*rest,dot=0.912)
[debug][Left][frame 23] fallback bone=L_ThumbMetacarpal from(sign=+1,order=r*rest,dot=-0.030) to(sign=+1,order=rest*r,dot=0.998)
[debug][Left][frame 23] bone=L_ThumbMetacarpal alpha=0.180 local_fwd=(0.000,0.000,-1.000) sign=+1 target_dir=(0.499,-0.106,0.860) curr_fwd=(0.522,-0.055,0.851) swing_mix=0.300 base_order=rest*r base_dot=0.998 base_hpr=LVecBase3f(-7.0133767, -0.61053705, -148.31801) swing_hpr=LVecBase3f(-0.47427025, 0.7332708, -0.42827811) target_hpr=LVecBase3f(-6.2245745, -0.9853954, -148.73832) smoothed_hpr=LVector3f(98.24786, 8.040297, 159.23483)
[debug][Left][frame 23] fallback bone=L_IndexIntermediate from(sign=+1,order=rest*r,dot=-0.915) to(sign=-1,order=r*rest,dot=0.992)
[debug][Left][frame 23] bone=L_IndexIntermediate alpha=0.180 local_fwd=(0.000,0.000,-1.000) sign=-1 target_dir=(-0.879,-0.194,-0.436) curr_fwd=(-0.856,-0.317,-0.408) swing_mix=1.000 base_order=r*rest base_dot=0.992 base_hpr=LVecBase3f(65.88921, 57.95405, -140.30333) swing_hpr=LVecBase3f(-6.434005, 3.4216442, -0.63703113) target_hpr=LVecBase3f(79.713584, 58.68533, -152.91313) smoothed_hpr=LVector3f(60.555076, 51.306377, 143.54318)
[debug][Left][frame 23] fallback bone=L_IndexDistal from(sign=+1,order=rest*r,dot=-0.663) to(sign=-1,order=r*rest,dot=0.669)
[debug][Left][frame 23] bone=L_IndexDistal alpha=0.180 local_fwd=(0.000,0.000,-1.000) sign=-1 target_dir=(-0.489,-0.035,-0.871) curr_fwd=(-0.863,-0.430,-0.266) swing_mix=0.781 base_order=r*rest base_dot=0.669 base_hpr=LVecBase3f(46.93598, 51.689197, -115.384284) swing_hpr=LVecBase3f(-3.7908506, 20.277542, -31.518522) target_hpr=LVecBase3f(74.42516, 42.61369, -167.97691) smoothed_hpr=LVector3f(19.330804, 53.624404, -143.65416)
[debug][Left][frame 23] fallback bone=L_MiddleIntermediate from(sign=+1,order=r*rest,dot=-0.922) to(sign=-1,order=r*rest,dot=0.922)
[debug][Left][frame 23] fallback bone=L_MiddleDistal from(sign=+1,order=rest*r,dot=-0.567) to(sign=-1,order=r*rest,dot=0.592)
[debug][Left][frame 23] fallback bone=L_RingIntermediate from(sign=+1,order=r*rest,dot=-0.877) to(sign=-1,order=r*rest,dot=0.877)
[debug][Left][frame 23] fallback bone=L_LittleMetacarpal from(sign=+1,order=rest*r,dot=-0.806) to(sign=-1,order=rest*r,dot=0.806)
[debug][Left][frame 23] bone=L_LittleMetacarpal alpha=0.180 local_fwd=(-1.000,0.000,0.000) sign=-1 target_dir=(0.714,-0.237,0.659) curr_fwd=(0.627,-0.726,0.282) swing_mix=0.300 base_order=rest*r base_dot=0.806 base_hpr=LVecBase3f(80.96654, 68.9881, -128.20207) swing_hpr=LVecBase3f(6.4472603, -7.62651, -3.4101941) target_hpr=LVecBase3f(55.16964, 66.55845, -108.09978) smoothed_hpr=LVector3f(63.578964, 47.715305, 153.3311)
[debug][frame 24] hands=1 types=['Left']
[debug][Left][frame 24] root=(-0.1383,-0.0000,-0.2919) palm_up=(0.5630,-0.1510,0.8126) palm_n=(0.7610,0.5965,-0.2549) r_hand_hpr=LVecBase3f(52.61702, 46.910617, -96.64997)
[debug][Left][frame 24] fallback bone=L_Wrist from(sign=+1,order=r*rest,dot=-0.992) to(sign=-1,order=r*rest,dot=0.992)
[debug][Left][frame 24] fallback bone=L_ThumbMetacarpal from(sign=+1,order=r*rest,dot=-0.369) to(sign=+1,order=rest*r,dot=0.900)
[debug][Left][frame 24] bone=L_ThumbMetacarpal alpha=0.180 local_fwd=(0.000,0.000,-1.000) sign=+1 target_dir=(0.448,-0.097,0.889) curr_fwd=(0.582,0.307,0.753) swing_mix=0.300 base_order=rest*r base_dot=0.900 base_hpr=LVecBase3f(11.70728, -13.618864, -140.80317) swing_hpr=LVecBase3f(-3.2582185, 6.175826, -2.9874494) target_hpr=LVecBase3f(18.393913, -16.262487, -142.2402) smoothed_hpr=LVector3f(83.87415, 3.6657953, 169.76933)
[debug][Left][frame 24] fallback bone=L_IndexIntermediate from(sign=+1,order=rest*r,dot=-0.648) to(sign=-1,order=r*rest,dot=0.815)
[debug][Left][frame 24] bone=L_IndexIntermediate alpha=0.180 local_fwd=(0.000,0.000,-1.000) sign=-1 target_dir=(-0.916,-0.099,-0.389) curr_fwd=(-0.709,-0.657,-0.258) swing_mix=1.000 base_order=r*rest base_dot=0.815 base_hpr=LVecBase3f(65.3601, 55.1337, -116.81718) swing_hpr=LVecBase3f(-32.844875, 13.951199, 1.6617721) target_hpr=LVecBase3f(134.78331, 61.08715, 179.7202) smoothed_hpr=LVector3f(73.91616, 53.066917, 150.05504)
[debug][Left][frame 24] fallback bone=L_IndexDistal from(sign=+1,order=rest*r,dot=-0.333) to(sign=-1,order=r*rest,dot=0.356)
[debug][Left][frame 24] bone=L_IndexDistal alpha=0.180 local_fwd=(0.000,0.000,-1.000) sign=-1 target_dir=(-0.461,-0.000,-0.887) curr_fwd=(-0.697,-0.716,-0.039) swing_mix=0.260 base_order=r*rest base_dot=0.356 base_hpr=LVecBase3f(48.327697, 48.99638, -93.411476) swing_hpr=LVecBase3f(-4.766193, 11.5220174, -10.031491) target_hpr=LVecBase3f(67.47277, 51.48334, -118.70098) smoothed_hpr=LVector3f(27.996358, 53.239013, -139.16258)
[debug][Left][frame 24] fallback bone=L_MiddleIntermediate from(sign=+1,order=r*rest,dot=-0.731) to(sign=-1,order=r*rest,dot=0.731)
[debug][Left][frame 24] fallback bone=L_MiddleDistal from(sign=+1,order=rest*r,dot=-0.248) to(sign=-1,order=r*rest,dot=0.264)
[debug][Left][frame 24] fallback bone=L_RingIntermediate from(sign=+1,order=r*rest,dot=-0.664) to(sign=-1,order=r*rest,dot=0.664)
[debug][Left][frame 24] fallback bone=L_LittleMetacarpal from(sign=+1,order=rest*r,dot=-0.939) to(sign=-1,order=rest*r,dot=0.939)
[debug][Left][frame 24] bone=L_LittleMetacarpal alpha=0.180 local_fwd=(-1.000,0.000,0.000) sign=-1 target_dir=(0.770,-0.217,0.600) curr_fwd=(0.845,-0.424,0.327) swing_mix=0.300 base_order=rest*r base_dot=0.939 base_hpr=LVecBase3f(56.901657, 70.81433, -83.90164) swing_hpr=LVecBase3f(2.37386, -3.2884163, -4.3774113) target_hpr=LVecBase3f(48.855293, 67.90771, -80.81329) smoothed_hpr=LVector3f(60.928703, 51.349937, 175.9851)
[debug][frame 25] hands=1 types=['Left']
[debug][Left][frame 25] root=(-0.1398,-0.0000,-0.3053) palm_up=(0.5895,-0.1710,0.7895) palm_n=(0.5932,0.7956,-0.1228) r_hand_hpr=LVecBase3f(53.41322, 44.65992, -80.06646)
[debug][Left][frame 25] fallback bone=L_Wrist from(sign=+1,order=r*rest,dot=-0.928) to(sign=-1,order=r*rest,dot=0.928)
[debug][Left][frame 25] fallback bone=L_ThumbMetacarpal from(sign=+1,order=r*rest,dot=-0.592) to(sign=+1,order=rest*r,dot=0.737)
[debug][Left][frame 25] bone=L_ThumbMetacarpal alpha=0.180 local_fwd=(0.000,0.000,-1.000) sign=+1 target_dir=(0.408,-0.090,0.908) curr_fwd=(0.548,0.561,0.621) swing_mix=0.300 base_order=rest*r base_dot=0.737 base_hpr=LVecBase3f(27.124757, -21.882514, -132.00989) swing_hpr=LVecBase3f(-4.7553324, 10.565703, -4.05551) target_hpr=LVecBase3f(39.27813, -25.01207, -131.65233) smoothed_hpr=LVector3f(75.84687, -1.4962203, 180.31343)
[debug][Left][frame 25] fallback bone=L_IndexIntermediate from(sign=+1,order=rest*r,dot=-0.363) to(sign=-1,order=r*rest,dot=0.567)
[debug][Left][frame 25] bone=L_IndexIntermediate alpha=0.180 local_fwd=(0.000,0.000,-1.000) sign=-1 target_dir=(-0.934,-0.039,-0.354) curr_fwd=(-0.535,-0.839,-0.098) swing_mix=0.612 base_order=r*rest base_dot=0.567 base_hpr=LVecBase3f(64.95763, 52.827663, -99.33729) swing_hpr=LVecBase3f(-31.994142, 12.763256, -0.54802554) target_hpr=LVecBase3f(132.94281, 70.99966, -165.6939) smoothed_hpr=LVector3f(84.540954, 56.29481, 158.02023)
[debug][Left][frame 25] bone=L_IndexDistal alpha=0.180 local_fwd=(0.000,0.000,-1.000) sign=+1 target_dir=(-0.445,0.020,-0.895) curr_fwd=(0.458,0.874,-0.163) swing_mix=0.000 base_order=rest*r base_dot=-0.041 base_hpr=LVecBase3f(52.380142, 46.432575, -76.33989) swing_hpr=LVecBase3f(0, 0, 0) target_hpr=LVecBase3f(52.380142, 46.432575, -76.33989) smoothed_hpr=LVector3f(32.38544, 52.013854, -127.8545)
[debug][Left][frame 25] fallback bone=L_MiddleIntermediate from(sign=+1,order=r*rest,dot=-0.473) to(sign=-1,order=r*rest,dot=0.473)
[debug][Left][frame 25] fallback bone=L_RingProximal from(sign=+1,order=rest*r,dot=-0.127) to(sign=-1,order=rest*r,dot=0.127)
[debug][Left][frame 25] fallback bone=L_RingIntermediate from(sign=+1,order=r*rest,dot=-0.403) to(sign=-1,order=r*rest,dot=0.403)
[debug][Left][frame 25] fallback bone=L_LittleMetacarpal from(sign=+1,order=rest*r,dot=-0.959) to(sign=-1,order=rest*r,dot=0.959)
[debug][Left][frame 25] bone=L_LittleMetacarpal alpha=0.180 local_fwd=(-1.000,0.000,0.000) sign=-1 target_dir=(0.808,-0.203,0.554) curr_fwd=(0.939,-0.167,0.301) swing_mix=0.300 base_order=rest*r base_dot=0.959 base_hpr=LVecBase3f(39.45873, 67.49352, -51.739593) swing_hpr=LVecBase3f(-0.99726366, -0.49937945, -4.816253) target_hpr=LVecBase3f(36.769012, 67.94539, -54.062522) smoothed_hpr=LVector3f(56.57996, 54.33712, 199.37654)
[debug][Left][frame 25] fallback bone=L_LittleProximal from(sign=+1,order=r*rest,dot=-0.308) to(sign=-1,order=r*rest,dot=0.308)
[debug][Left][frame 25] fallback bone=L_LittleIntermediate from(sign=-1,order=rest*r,dot=-0.088) to(sign=-1,order=r*rest,dot=0.523)
HEADLESS_RUN_OK
