[debug][startup] axis_strategy=static allow_runtime_axis_fallback=False
[debug][Left] init bone_forward=(0.0, 1.0, 0.0) axis_strategy=static runtime_fallback=False
[debug][Left] local_fwd L_IndexDistal = (0.0000, 0.0000, -1.0000)
[debug][Left] local_fwd L_IndexIntermediate = (0.0000, 0.0000, -1.0000)
[debug][Left] local_fwd L_IndexMetacarpal = (0.0000, 0.0000, 1.0000)
[debug][Left] local_fwd L_IndexProximal = (0.0000, 0.0000, -1.0000)
[debug][Left] local_fwd L_LittleDistal = (0.0000, 0.0000, -1.0000)
[debug][Left] local_fwd L_LittleIntermediate = (0.0000, 0.0000, -1.0000)
[debug][Left] local_fwd L_LittleMetacarpal = (-1.0000, 0.0000, 0.0000)
[debug][Left] local_fwd L_LittleProximal = (0.0000, 0.0000, -1.0000)
[debug][Left] local_fwd L_MiddleDistal = (0.0000, 0.0000, -1.0000)
[debug][Left] local_fwd L_MiddleIntermediate = (0.0000, 0.0000, -1.0000)
[debug][Left] local_fwd L_MiddleMetacarpal = (0.0000, 0.0000, 1.0000)
[debug][Left] local_fwd L_MiddleProximal = (0.0000, 0.0000, -1.0000)
[debug][Left] local_fwd L_RingDistal = (0.0000, 0.0000, -1.0000)
[debug][Left] local_fwd L_RingIntermediate = (0.0000, 0.0000, -1.0000)
[debug][Left] local_fwd L_RingMetacarpal = (0.0000, 0.0000, 1.0000)
[debug][Left] local_fwd L_RingProximal = (0.0000, 0.0000, -1.0000)
[debug][Left] local_fwd L_ThumbDistal = (0.0000, 0.0000, 1.0000)
[debug][Left] local_fwd L_ThumbMetacarpal = (0.0000, 0.0000, -1.0000)
[debug][Left] local_fwd L_ThumbProximal = (0.0000, 0.0000, 1.0000)
[debug][Left] local_fwd L_Wrist = (0.0000, 0.0000, 1.0000)
[debug][Right] init bone_forward=(0.0, 1.0, 0.0) axis_strategy=static runtime_fallback=False
[debug][Right] local_fwd R_IndexDistal = (0.0000, 0.0000, -1.0000)
[debug][Right] local_fwd R_IndexIntermediate = (0.0000, 0.0000, -1.0000)
[debug][Right] local_fwd R_IndexMetacarpal = (0.0000, 0.0000, 1.0000)
[debug][Right] local_fwd R_IndexProximal = (0.0000, 0.0000, -1.0000)
[debug][Right] local_fwd R_LittleDistal = (0.0000, 0.0000, -1.0000)
[debug][Right] local_fwd R_LittleIntermediate = (0.0000, 0.0000, -1.0000)
[debug][Right] local_fwd R_LittleMetacarpal = (1.0000, 0.0000, 0.0000)
[debug][Right] local_fwd R_LittleProximal = (0.0000, 0.0000, -1.0000)
[debug][Right] local_fwd R_MiddleDistal = (0.0000, 0.0000, -1.0000)
[debug][Right] local_fwd R_MiddleIntermediate = (0.0000, 0.0000, -1.0000)
[debug][Right] local_fwd R_MiddleMetacarpal = (0.0000, 0.0000, 1.0000)
[debug][Right] local_fwd R_MiddleProximal = (0.0000, 0.0000, -1.0000)
[debug][Right] local_fwd R_RingDistal = (0.0000, 0.0000, -1.0000)
[debug][Right] local_fwd R_RingIntermediate = (0.0000, 0.0000, -1.0000)
[debug][Right] local_fwd R_RingMetacarpal = (0.0000, 0.0000, 1.0000)
[debug][Right] local_fwd R_RingProximal = (0.0000, 0.0000, -1.0000)
[debug][Right] local_fwd R_ThumbDistal = (0.0000, 1.0000, 0.0000)
[debug][Right] local_fwd R_ThumbMetacarpal = (0.0000, 0.0000, -1.0000)
[debug][Right] local_fwd R_ThumbProximal = (0.0000, 1.0000, 0.0000)
[debug][Right] local_fwd R_Wrist = (0.0000, 0.0000, 1.0000)
[debug][frame 0] hands=0 types=[]
[debug][frame 1] hands=0 types=[]
[debug][frame 2] hands=0 types=[]
[debug][frame 3] hands=0 types=[]
[debug][frame 4] hands=0 types=[]
[debug][frame 5] hands=0 types=[]
[debug][frame 6] hands=0 types=[]
[debug][frame 7] hands=0 types=[]
[debug][frame 8] hands=0 types=[]
[debug][frame 9] hands=0 types=[]
[debug][frame 10] hands=0 types=[]
[debug][frame 11] hands=1 types=['Left']
[debug][Left][frame 11] root=(-0.0269,-0.0000,-0.0648) palm_up=(0.1142,0.8754,0.4697) palm_n=(0.0633,-0.4852,0.8721) r_hand_hpr=LVecBase3f(175.51654, 49.455883, 6.894272)
[debug][Left][frame 11] bone=L_ThumbMetacarpal alpha=0.180 local_fwd=(0.000,0.000,-1.000) sign=-1 target_dir=(0.607,-0.127,0.784) curr_fwd=(-0.642,-0.362,0.676) swing_mix=0.000 base_order=r*rest base_dot=0.186 base_hpr=LVecBase3f(66.71248, -33.465251, -35.868305) swing_hpr=LVecBase3f(0, 0, 0) target_hpr=LVecBase3f(66.71248, -33.465251, -35.868305) smoothed_hpr=LVector3f(66.71247, -33.465251, -35.868312)
[debug][Left][frame 11] bone=L_IndexIntermediate alpha=0.180 local_fwd=(0.000,0.000,-1.000) sign=-1 target_dir=(0.387,-0.504,0.772) curr_fwd=(0.001,-0.259,0.966) swing_mix=1.000 base_order=r*rest base_dot=0.877 base_hpr=LVecBase3f(-3.150887, 15.009679, 0.84993553) swing_hpr=LVecBase3f(2.5917935, 17.8519, 22.082582) target_hpr=LVecBase3f(-0.5238324, 32.884223, 22.260093) smoothed_hpr=LVector3f(-2.6780171, 18.227096, 4.703764)
[debug][Left][frame 11] bone=L_IndexDistal alpha=0.180 local_fwd=(0.000,0.000,-1.000) sign=+1 target_dir=(0.666,-0.657,0.352) curr_fwd=(-0.052,-0.005,-0.999) swing_mix=0.000 base_order=r*rest base_dot=-0.383 base_hpr=LVecBase3f(-1.8734484, -0.39477625, 2.982588) swing_hpr=LVecBase3f(0, 0, 0) target_hpr=LVecBase3f(-1.8734484, -0.39477625, 2.982588) smoothed_hpr=LVector3f(-1.8734481, -0.3947762, 2.9825878)
[debug][Left][frame 11] bone=L_LittleMetacarpal alpha=0.180 local_fwd=(-1.000,0.000,0.000) sign=+1 target_dir=(-0.161,-0.118,0.980) curr_fwd=(-0.875,0.396,0.279) swing_mix=0.280 base_order=r*rest base_dot=0.368 base_hpr=LVecBase3f(-23.959327, -1.2957984, 16.222385) swing_hpr=LVecBase3f(2.0762825, 8.261361, 15.200289) target_hpr=LVecBase3f(-24.289407, 7.2143526, 31.589727) smoothed_hpr=LVector3f(-24.018741, 0.23602886, 18.988506)
[debug][frame 12] hands=1 types=['Left']
[debug][Left][frame 12] root=(-0.0488,-0.0000,-0.1167) palm_up=(0.1854,0.6424,0.7436) palm_n=(0.1001,-0.7693,0.6310) r_hand_hpr=LVecBase3f(159.44375, 69.087005, 26.32451)
[debug][Left][frame 12] bone=L_ThumbMetacarpal alpha=0.180 local_fwd=(0.000,0.000,-1.000) sign=-1 target_dir=(0.600,-0.114,0.792) curr_fwd=(-0.642,-0.362,0.676) swing_mix=0.000 base_order=r*rest base_dot=0.191 base_hpr=LVecBase3f(66.71248, -33.465251, -35.868305) swing_hpr=LVecBase3f(0, 0, 0) target_hpr=LVecBase3f(66.71248, -33.465251, -35.868305) smoothed_hpr=LVector3f(66.71247, -33.465251, -35.868312)
[debug][Left][frame 12] bone=L_IndexIntermediate alpha=0.180 local_fwd=(0.000,0.000,-1.000) sign=-1 target_dir=(0.401,-0.487,0.776) curr_fwd=(0.001,-0.259,0.966) swing_mix=1.000 base_order=r*rest base_dot=0.876 base_hpr=LVecBase3f(-3.150887, 15.009679, 0.84993553) swing_hpr=LVecBase3f(2.8934347, 16.85816, 22.856973) target_hpr=LVecBase3f(-0.1802097, 31.891143, 22.940395) smoothed_hpr=LVector3f(-2.228412, 20.686624, 7.9863576)
[debug][Left][frame 12] bone=L_IndexDistal alpha=0.180 local_fwd=(0.000,0.000,-1.000) sign=+1 target_dir=(0.664,-0.613,0.428) curr_fwd=(-0.052,-0.005,-0.999) swing_mix=0.000 base_order=r*rest base_dot=-0.459 base_hpr=LVecBase3f(-1.8734484, -0.39477625, 2.982588) swing_hpr=LVecBase3f(0, 0, 0) target_hpr=LVecBase3f(-1.8734484, -0.39477625, 2.982588) smoothed_hpr=LVector3f(-1.8734481, -0.3947762, 2.9825878)
[debug][Left][frame 12] bone=L_LittleMetacarpal alpha=0.180 local_fwd=(-1.000,0.000,0.000) sign=+1 target_dir=(-0.151,-0.105,0.983) curr_fwd=(-0.875,0.396,0.279) swing_mix=0.275 base_order=r*rest base_dot=0.365 base_hpr=LVecBase3f(-23.959327, -1.2957984, 16.222385) swing_hpr=LVecBase3f(1.7631758, 8.032783, 15.067249) target_hpr=LVecBase3f(-24.524076, 6.9076375, 31.44116) smoothed_hpr=LVector3f(-24.109701, 1.4369184, 21.229984)
[debug][frame 13] hands=1 types=['Left']
[debug][Left][frame 13] root=(-0.0675,-0.0000,-0.1548) palm_up=(0.2365,0.4340,0.8693) palm_n=(0.1262,-0.9029,0.4109) r_hand_hpr=LVecBase3f(117.756355, 78.03637, 71.20553)
[debug][Left][frame 13] bone=L_ThumbMetacarpal alpha=0.180 local_fwd=(0.000,0.000,-1.000) sign=-1 target_dir=(0.670,-0.122,0.732) curr_fwd=(-0.642,-0.362,0.676) swing_mix=0.000 base_order=r*rest base_dot=0.109 base_hpr=LVecBase3f(66.71248, -33.465251, -35.868305) swing_hpr=LVecBase3f(0, 0, 0) target_hpr=LVecBase3f(66.71248, -33.465251, -35.868305) smoothed_hpr=LVector3f(66.71247, -33.465251, -35.868312)
[debug][Left][frame 13] bone=L_IndexIntermediate alpha=0.180 local_fwd=(0.000,0.000,-1.000) sign=-1 target_dir=(0.436,-0.738,0.516) curr_fwd=(0.001,-0.259,0.966) swing_mix=0.816 base_order=r*rest base_dot=0.690 base_hpr=LVecBase3f(-3.150887, 15.009679, 0.84993553) swing_hpr=LVecBase3f(-0.2470282, 31.029064, 22.900304) target_hpr=LVecBase3f(-4.0867934, 46.029682, 24.174921) smoothed_hpr=LVector3f(-2.5629205, 25.248374, 10.900299)
[debug][Left][frame 13] bone=L_IndexDistal alpha=0.180 local_fwd=(0.000,0.000,-1.000) sign=+1 target_dir=(0.528,-0.780,-0.336) curr_fwd=(-0.052,-0.005,-0.999) swing_mix=0.187 base_order=r*rest base_dot=0.312 base_hpr=LVecBase3f(-1.8734484, -0.39477625, 2.982588) swing_hpr=LVecBase3f(-0.019332956, -9.444944, -6.6374564) target_hpr=LVecBase3f(-1.3962637, -9.8278, -3.610613) smoothed_hpr=LVector3f(-1.787555, -2.0927205, 1.7958116)
[debug][Left][frame 13] bone=L_LittleMetacarpal alpha=0.180 local_fwd=(-1.000,0.000,0.000) sign=+1 target_dir=(-0.104,-0.105,0.989) curr_fwd=(-0.875,0.396,0.279) swing_mix=0.209 base_order=r*rest base_dot=0.326 base_hpr=LVecBase3f(-23.959327, -1.2957984, 16.222385) swing_hpr=LVecBase3f(1.2464096, 5.918441, 11.4214944) target_hpr=LVecBase3f(-24.421068, 4.7343864, 27.72219) smoothed_hpr=LVector3f(-24.165746, 2.0304627, 22.39858)
[debug][frame 14] hands=1 types=['Left']
[debug][Left][frame 14] root=(-0.0829,-0.0000,-0.1803) palm_up=(0.2726,0.2766,0.9215) palm_n=(0.1477,-0.9594,0.2405) r_hand_hpr=LVecBase3f(73.3613, 76.34248, 118.46976)
[debug][Left][frame 14] bone=L_ThumbMetacarpal alpha=0.180 local_fwd=(0.000,0.000,-1.000) sign=-1 target_dir=(0.728,-0.145,0.670) curr_fwd=(-0.642,-0.362,0.676) swing_mix=0.000 base_order=r*rest base_dot=0.038 base_hpr=LVecBase3f(66.71248, -33.465251, -35.868305) swing_hpr=LVecBase3f(0, 0, 0) target_hpr=LVecBase3f(66.71248, -33.465251, -35.868305) smoothed_hpr=LVector3f(66.71247, -33.465251, -35.868312)
[debug][Left][frame 14] bone=L_IndexIntermediate alpha=0.180 local_fwd=(0.000,0.000,-1.000) sign=-1 target_dir=(0.357,-0.923,-0.141) curr_fwd=(0.001,-0.259,0.966) swing_mix=0.000 base_order=r*rest base_dot=0.104 base_hpr=LVecBase3f(-3.150887, 15.009679, 0.84993553) swing_hpr=LVecBase3f(0, 0, 0) target_hpr=LVecBase3f(-3.150887, 15.009679, 0.84993553) smoothed_hpr=LVector3f(-2.6687545, 23.405408, 9.091233)
[debug][Left][frame 14] bone=L_IndexDistal alpha=0.180 local_fwd=(0.000,0.000,-1.000) sign=+1 target_dir=(0.112,-0.571,-0.813) curr_fwd=(-0.052,-0.005,-0.999) swing_mix=1.000 base_order=r*rest base_dot=0.809 base_hpr=LVecBase3f(-1.8734484, -0.39477625, 2.982588) swing_hpr=LVecBase3f(-1.2539457, -34.673755, -10.165) target_hpr=LVecBase3f(-1.0592627, -35.08004, -6.5310883) smoothed_hpr=LVector3f(-1.6564624, -8.030438, 0.29696965)
[debug][Left][frame 14] bone=L_LittleMetacarpal alpha=0.180 local_fwd=(-1.000,0.000,0.000) sign=+1 target_dir=(-0.079,-0.130,0.988) curr_fwd=(-0.875,0.396,0.279) swing_mix=0.157 base_order=r*rest base_dot=0.294 base_hpr=LVecBase3f(-23.959327, -1.2957984, 16.222385) swing_hpr=LVecBase3f(1.135737, 4.3739113, 8.403925) target_hpr=LVecBase3f(-24.093006, 3.2209084, 24.67193) smoothed_hpr=LVector3f(-24.152652, 2.2447428, 22.807783)
[debug][frame 15] hands=1 types=['Left']
[debug][Left][frame 15] root=(-0.0952,-0.0000,-0.1967) palm_up=(0.2977,0.1657,0.9402) palm_n=(0.1636,-0.9794,0.1182) r_hand_hpr=LVecBase3f(55.467277, 71.84714, 138.6438)
[debug][Left][frame 15] bone=L_ThumbMetacarpal alpha=0.180 local_fwd=(0.000,0.000,-1.000) sign=-1 target_dir=(0.772,-0.160,0.615) curr_fwd=(-0.642,-0.362,0.676) swing_mix=0.000 base_order=r*rest base_dot=-0.022 base_hpr=LVecBase3f(66.71248, -33.465251, -35.868305) swing_hpr=LVecBase3f(0, 0, 0) target_hpr=LVecBase3f(66.71248, -33.465251, -35.868305) smoothed_hpr=LVector3f(66.71247, -33.465251, -35.868312)
[debug][Left][frame 15] bone=L_IndexIntermediate alpha=0.180 local_fwd=(0.000,0.000,-1.000) sign=-1 target_dir=(0.206,-0.793,-0.573) curr_fwd=(0.001,-0.259,0.966) swing_mix=0.000 base_order=r*rest base_dot=-0.348 base_hpr=LVecBase3f(-3.150887, 15.009679, 0.84993553) swing_hpr=LVecBase3f(0, 0, 0) target_hpr=LVecBase3f(-3.150887, 15.009679, 0.84993553) smoothed_hpr=LVector3f(-2.7555384, 21.894178, 7.6077995)
[debug][Left][frame 15] bone=L_IndexDistal alpha=0.180 local_fwd=(0.000,0.000,-1.000) sign=+1 target_dir=(-0.068,-0.410,-0.909) curr_fwd=(-0.052,-0.005,-0.999) swing_mix=1.000 base_order=r*rest base_dot=0.914 base_hpr=LVecBase3f(-1.8734484, -0.39477625, 2.982588) swing_hpr=LVecBase3f(1.5860797, -23.877473, 1.5325061) target_hpr=LVecBase3f(1.0375066, -24.15492, 4.8122634) smoothed_hpr=LVector3f(-1.171548, -10.932845, 1.1097225)
[debug][Left][frame 15] bone=L_LittleMetacarpal alpha=0.180 local_fwd=(-1.000,0.000,0.000) sign=+1 target_dir=(-0.066,-0.147,0.987) curr_fwd=(-0.875,0.396,0.279) swing_mix=0.126 base_order=r*rest base_dot=0.276 base_hpr=LVecBase3f(-23.959327, -1.2957984, 16.222385) swing_hpr=LVecBase3f(1.021761, 3.4690935, 6.6398377) target_hpr=LVecBase3f(-23.948644, 2.3204455, 22.893074) smoothed_hpr=LVector3f(-24.11593, 2.2583694, 22.823135)
[debug][frame 16] hands=1 types=['Left']
[debug][Left][frame 16] root=(-0.1046,-0.0000,-0.2072) palm_up=(0.3114,0.0910,0.9459) palm_n=(0.1847,-0.9823,0.0322) r_hand_hpr=LVecBase3f(47.8907, 68.314674, 148.46493)
[debug][Left][frame 16] bone=L_ThumbMetacarpal alpha=0.180 local_fwd=(0.000,0.000,-1.000) sign=-1 target_dir=(0.792,-0.159,0.589) curr_fwd=(-0.642,-0.362,0.676) swing_mix=0.000 base_order=r*rest base_dot=-0.053 base_hpr=LVecBase3f(66.71248, -33.465251, -35.868305) swing_hpr=LVecBase3f(0, 0, 0) target_hpr=LVecBase3f(66.71248, -33.465251, -35.868305) smoothed_hpr=LVector3f(66.71247, -33.465251, -35.868312)
[debug][Left][frame 16] bone=L_IndexIntermediate alpha=0.180 local_fwd=(0.000,0.000,-1.000) sign=-1 target_dir=(0.132,-0.641,-0.756) curr_fwd=(0.001,-0.259,0.966) swing_mix=0.000 base_order=r*rest base_dot=-0.564 base_hpr=LVecBase3f(-3.150887, 15.009679, 0.84993553) swing_hpr=LVecBase3f(0, 0, 0) target_hpr=LVecBase3f(-3.150887, 15.009679, 0.84993553) smoothed_hpr=LVector3f(-2.8267011, 20.654968, 6.391384)
[debug][Left][frame 16] bone=L_IndexDistal alpha=0.180 local_fwd=(0.000,0.000,-1.000) sign=+1 target_dir=(-0.140,-0.379,-0.915) curr_fwd=(-0.052,-0.005,-0.999) swing_mix=1.000 base_order=r*rest base_dot=0.923 base_hpr=LVecBase3f(-1.8734484, -0.39477625, 2.982588) swing_hpr=LVecBase3f(2.280484, -21.863214, 5.925618) target_hpr=LVecBase3f(1.6076997, -22.107564, 9.159483) smoothed_hpr=LVector3f(-0.6712834, -12.944295, 2.5586793)
[debug][Left][frame 16] bone=L_LittleMetacarpal alpha=0.180 local_fwd=(-1.000,0.000,0.000) sign=+1 target_dir=(-0.049,-0.162,0.986) curr_fwd=(-0.875,0.396,0.279) swing_mix=0.091 base_order=r*rest base_dot=0.254 base_hpr=LVecBase3f(-23.959327, -1.2957984, 16.222385) swing_hpr=LVecBase3f(0.7936423, 2.4515204, 4.698391) target_hpr=LVecBase3f(-23.882648, 1.2797708, 20.937768) smoothed_hpr=LVector3f(-24.07394, 2.0822217, 22.483768)
[debug][frame 17] hands=0 types=[]
[debug][frame 18] hands=0 types=[]
[debug][frame 19] hands=1 types=['Left']
[debug][Left][frame 19] root=(-0.1127,-0.0000,-0.2196) palm_up=(0.3447,0.0292,0.9383) palm_n=(0.2265,-0.9724,-0.0562) r_hand_hpr=LVecBase3f(45.922863, 64.34931, 154.2806)
[debug][Left][frame 19] bone=L_ThumbMetacarpal alpha=0.180 local_fwd=(0.000,0.000,-1.000) sign=-1 target_dir=(0.727,-0.150,0.670) curr_fwd=(-0.642,-0.362,0.676) swing_mix=0.000 base_order=r*rest base_dot=0.041 base_hpr=LVecBase3f(66.71248, -33.465251, -35.868305) swing_hpr=LVecBase3f(0, 0, 0) target_hpr=LVecBase3f(66.71248, -33.465251, -35.868305) smoothed_hpr=LVector3f(66.71247, -33.465251, -35.868312)
[debug][Left][frame 19] bone=L_IndexIntermediate alpha=0.180 local_fwd=(0.000,0.000,-1.000) sign=-1 target_dir=(-0.106,-0.647,-0.755) curr_fwd=(0.001,-0.259,0.966) swing_mix=0.000 base_order=r*rest base_dot=-0.561 base_hpr=LVecBase3f(-3.150887, 15.009679, 0.84993553) swing_hpr=LVecBase3f(0, 0, 0) target_hpr=LVecBase3f(-3.150887, 15.009679, 0.84993553) smoothed_hpr=LVector3f(-2.8850545, 19.638816, 5.3939232)
[debug][Left][frame 19] bone=L_IndexDistal alpha=0.180 local_fwd=(0.000,0.000,-1.000) sign=+1 target_dir=(-0.331,-0.310,-0.891) curr_fwd=(-0.052,-0.005,-0.999) swing_mix=1.000 base_order=r*rest base_dot=0.909 base_hpr=LVecBase3f(-1.8734484, -0.39477625, 2.982588) swing_hpr=LVecBase3f(3.6036522, -17.639926, 17.485111) target_hpr=LVecBase3f(2.6803426, -17.821521, 20.638008) smoothed_hpr=LVector3f(-0.06799073, -13.822196, 5.8129587)
[debug][Left][frame 19] bone=L_LittleMetacarpal alpha=0.180 local_fwd=(-1.000,0.000,0.000) sign=+1 target_dir=(0.106,-0.213,0.971) curr_fwd=(-0.875,0.396,0.279) swing_mix=0.000 base_order=r*rest base_dot=0.094 base_hpr=LVecBase3f(-23.959327, -1.2957984, 16.222385) swing_hpr=LVecBase3f(0, 0, 0) target_hpr=LVecBase3f(-23.959327, -1.2957984, 16.222385) smoothed_hpr=LVector3f(-24.05331, 1.4741781, 21.35672)
[debug][frame 20] hands=1 types=['Left']
[debug][Left][frame 20] root=(-0.1201,-0.0000,-0.2332) palm_up=(0.3898,-0.0198,0.9207) palm_n=(0.3356,-0.9263,-0.1712) r_hand_hpr=LVecBase3f(46.687755, 60.417984, 162.27556)
[debug][Left][frame 20] bone=L_ThumbMetacarpal alpha=0.180 local_fwd=(0.000,0.000,-1.000) sign=-1 target_dir=(0.672,-0.135,0.728) curr_fwd=(-0.642,-0.362,0.676) swing_mix=0.000 base_order=r*rest base_dot=0.109 base_hpr=LVecBase3f(66.71248, -33.465251, -35.868305) swing_hpr=LVecBase3f(0, 0, 0) target_hpr=LVecBase3f(66.71248, -33.465251, -35.868305) smoothed_hpr=LVector3f(66.71247, -33.465251, -35.868312)
[debug][Left][frame 20] bone=L_IndexIntermediate alpha=0.180 local_fwd=(0.000,0.000,-1.000) sign=-1 target_dir=(-0.349,-0.585,-0.732) curr_fwd=(0.001,-0.259,0.966) swing_mix=0.000 base_order=r*rest base_dot=-0.556 base_hpr=LVecBase3f(-3.150887, 15.009679, 0.84993553) swing_hpr=LVecBase3f(0, 0, 0) target_hpr=LVecBase3f(-3.150887, 15.009679, 0.84993553) smoothed_hpr=LVector3f(-2.9329044, 18.805572, 4.5760054)
[debug][Left][frame 20] bone=L_IndexDistal alpha=0.180 local_fwd=(0.000,0.000,-1.000) sign=+1 target_dir=(-0.449,-0.223,-0.865) curr_fwd=(-0.052,-0.005,-0.999) swing_mix=1.000 base_order=r*rest base_dot=0.888 base_hpr=LVecBase3f(-1.8734484, -0.39477625, 2.982588) swing_hpr=LVecBase3f(3.2908236, -12.508525, 24.481098) target_hpr=LVecBase3f(2.0788035, -12.714078, 27.55687) smoothed_hpr=LVector3f(0.31843224, -13.622735, 9.726863)
[debug][Left][frame 20] bone=L_LittleMetacarpal alpha=0.180 local_fwd=(-1.000,0.000,0.000) sign=+1 target_dir=(0.302,-0.247,0.921) curr_fwd=(-0.875,0.396,0.279) swing_mix=0.000 base_order=r*rest base_dot=-0.105 base_hpr=LVecBase3f(-23.959327, -1.2957984, 16.222385) swing_hpr=LVecBase3f(0, 0, 0) target_hpr=LVecBase3f(-23.959327, -1.2957984, 16.222385) smoothed_hpr=LVector3f(-24.036394, 0.9755823, 20.432539)
[debug][frame 21] hands=1 types=['Left']
[debug][Left][frame 21] root=(-0.1267,-0.0000,-0.2468) palm_up=(0.4411,-0.0589,0.8955) palm_n=(0.6286,-0.6902,-0.3584) r_hand_hpr=LVecBase3f(48.64612, 56.581577, -175.35313)
[debug][Left][frame 21] bone=L_ThumbMetacarpal alpha=0.180 local_fwd=(0.000,0.000,-1.000) sign=-1 target_dir=(0.635,-0.120,0.763) curr_fwd=(-0.642,-0.362,0.676) swing_mix=0.000 base_order=r*rest base_dot=0.151 base_hpr=LVecBase3f(66.71248, -33.465251, -35.868305) swing_hpr=LVecBase3f(0, 0, 0) target_hpr=LVecBase3f(66.71248, -33.465251, -35.868305) smoothed_hpr=LVector3f(66.71247, -33.465251, -35.868312)
[debug][Left][frame 21] bone=L_IndexIntermediate alpha=0.180 local_fwd=(0.000,0.000,-1.000) sign=-1 target_dir=(-0.570,-0.496,-0.656) curr_fwd=(0.001,-0.259,0.966) swing_mix=0.000 base_order=r*rest base_dot=-0.505 base_hpr=LVecBase3f(-3.150887, 15.009679, 0.84993553) swing_hpr=LVecBase3f(0, 0, 0) target_hpr=LVecBase3f(-3.150887, 15.009679, 0.84993553) smoothed_hpr=LVector3f(-2.9721412, 18.122312, 3.9053127)
[debug][Left][frame 21] bone=L_IndexDistal alpha=0.180 local_fwd=(0.000,0.000,-1.000) sign=+1 target_dir=(-0.531,-0.156,-0.833) curr_fwd=(-0.052,-0.005,-0.999) swing_mix=1.000 base_order=r*rest base_dot=0.860 base_hpr=LVecBase3f(-1.8734484, -0.39477625, 2.982588) swing_hpr=LVecBase3f(2.6109225, -8.635186, 29.506649) target_hpr=LVecBase3f(1.1892671, -8.881837, 32.540485) smoothed_hpr=LVector3f(0.47518253, -12.769373, 13.833315)
[debug][Left][frame 21] bone=L_LittleMetacarpal alpha=0.180 local_fwd=(-1.000,0.000,0.000) sign=+1 target_dir=(0.500,-0.271,0.822) curr_fwd=(-0.875,0.396,0.279) swing_mix=0.000 base_order=r*rest base_dot=-0.315 base_hpr=LVecBase3f(-23.959327, -1.2957984, 16.222385) swing_hpr=LVecBase3f(0, 0, 0) target_hpr=LVecBase3f(-23.959327, -1.2957984, 16.222385) smoothed_hpr=LVector3f(-24.022522, 0.5667338, 19.674711)
[debug][frame 22] hands=1 types=['Left']
[debug][Left][frame 22] root=(-0.1320,-0.0000,-0.2619) palm_up=(0.4893,-0.0957,0.8668) palm_n=(0.8664,-0.2291,-0.4438) r_hand_hpr=LVecBase3f(50.280082, 52.853893, -146.16282)
[debug][Left][frame 22] bone=L_ThumbMetacarpal alpha=0.180 local_fwd=(0.000,0.000,-1.000) sign=-1 target_dir=(0.561,-0.116,0.819) curr_fwd=(-0.642,-0.362,0.676) swing_mix=0.059 base_order=r*rest base_dot=0.235 base_hpr=LVecBase3f(66.71248, -33.465251, -35.868305) swing_hpr=LVecBase3f(0.99878466, -0.74055576, 3.1994874) target_hpr=LVecBase3f(67.168785, -34.649753, -32.419727) smoothed_hpr=LVector3f(66.79461, -33.678462, -35.247566)
[debug][Left][frame 22] bone=L_IndexIntermediate alpha=0.180 local_fwd=(0.000,0.000,-1.000) sign=-1 target_dir=(-0.787,-0.335,-0.518) curr_fwd=(0.001,-0.259,0.966) swing_mix=0.000 base_order=r*rest base_dot=-0.414 base_hpr=LVecBase3f(-3.150887, 15.009679, 0.84993553) swing_hpr=LVecBase3f(0, 0, 0) target_hpr=LVecBase3f(-3.150887, 15.009679, 0.84993553) smoothed_hpr=LVector3f(-3.0043156, 17.562038, 3.3553447)
[debug][Left][frame 22] bone=L_IndexDistal alpha=0.180 local_fwd=(0.000,0.000,-1.000) sign=+1 target_dir=(-0.512,-0.087,-0.854) curr_fwd=(-0.052,-0.005,-0.999) swing_mix=1.000 base_order=r*rest base_dot=0.880 base_hpr=LVecBase3f(-1.8734484, -0.39477625, 2.982588) swing_hpr=LVecBase3f(1.2803175, -4.6831364, 27.951513) target_hpr=LVecBase3f(-0.34984764, -5.004806, 30.953573) smoothed_hpr=LVector3f(0.3266771, -11.371751, 16.91496)
[debug][Left][frame 22] bone=L_LittleMetacarpal alpha=0.180 local_fwd=(-1.000,0.000,0.000) sign=+1 target_dir=(0.631,-0.258,0.732) curr_fwd=(-0.875,0.396,0.279) swing_mix=0.000 base_order=r*rest base_dot=-0.449 base_hpr=LVecBase3f(-23.959327, -1.2957984, 16.222385) swing_hpr=LVecBase3f(0, 0, 0) target_hpr=LVecBase3f(-23.959327, -1.2957984, 16.222385) smoothed_hpr=LVector3f(-24.011146, 0.23147797, 19.053293)
[debug][frame 23] hands=1 types=['Left']
[debug][Left][frame 23] root=(-0.1357,-0.0000,-0.2774) palm_up=(0.5292,-0.1265,0.8390) palm_n=(0.8887,0.2500,-0.3843) r_hand_hpr=LVecBase3f(51.52221, 49.650875, -118.87712)
[debug][Left][frame 23] bone=L_ThumbMetacarpal alpha=0.180 local_fwd=(0.000,0.000,-1.000) sign=-1 target_dir=(0.499,-0.106,0.860) curr_fwd=(-0.642,-0.362,0.676) swing_mix=0.166 base_order=r*rest base_dot=0.300 base_hpr=LVecBase3f(66.71248, -33.465251, -35.868305) swing_hpr=LVecBase3f(2.8442528, -2.3212213, 9.537762) target_hpr=LVecBase3f(67.892623, -37.007144, -25.706947) smoothed_hpr=LVector3f(66.99225, -34.277626, -33.530254)
[debug][Left][frame 23] bone=L_IndexIntermediate alpha=0.180 local_fwd=(0.000,0.000,-1.000) sign=-1 target_dir=(-0.879,-0.194,-0.436) curr_fwd=(0.001,-0.259,0.966) swing_mix=0.000 base_order=r*rest base_dot=-0.371 base_hpr=LVecBase3f(-3.150887, 15.009679, 0.84993553) swing_hpr=LVecBase3f(0, 0, 0) target_hpr=LVecBase3f(-3.150887, 15.009679, 0.84993553) smoothed_hpr=LVector3f(-3.0306985, 17.102613, 2.904371)
[debug][Left][frame 23] bone=L_IndexDistal alpha=0.180 local_fwd=(0.000,0.000,-1.000) sign=+1 target_dir=(-0.489,-0.035,-0.871) curr_fwd=(-0.052,-0.005,-0.999) swing_mix=1.000 base_order=r*rest base_dot=0.896 base_hpr=LVecBase3f(-1.8734484, -0.39477625, 2.982588) swing_hpr=LVecBase3f(0.36796206, -1.755907, 26.308855) target_hpr=LVecBase3f(-1.414488, -2.1291456, 29.295913) smoothed_hpr=LVector3f(0.013267401, -9.708082, 19.143531)
[debug][Left][frame 23] bone=L_LittleMetacarpal alpha=0.180 local_fwd=(-1.000,0.000,0.000) sign=+1 target_dir=(0.714,-0.237,0.659) curr_fwd=(-0.875,0.396,0.279) swing_mix=0.000 base_order=r*rest base_dot=-0.534 base_hpr=LVecBase3f(-23.959327, -1.2957984, 16.222385) swing_hpr=LVecBase3f(0, 0, 0) target_hpr=LVecBase3f(-23.959327, -1.2957984, 16.222385) smoothed_hpr=LVector3f(-24.00182, -0.043431773, 18.54373)
[debug][frame 24] hands=1 types=['Left']
[debug][Left][frame 24] root=(-0.1383,-0.0000,-0.2919) palm_up=(0.5630,-0.1510,0.8126) palm_n=(0.7610,0.5965,-0.2549) r_hand_hpr=LVecBase3f(52.61702, 46.910617, -96.64997)
[debug][Left][frame 24] bone=L_ThumbMetacarpal alpha=0.180 local_fwd=(0.000,0.000,-1.000) sign=-1 target_dir=(0.448,-0.097,0.889) curr_fwd=(-0.642,-0.362,0.676) swing_mix=0.247 base_order=r*rest base_dot=0.348 base_hpr=LVecBase3f(66.71248, -33.465251, -35.868305) swing_hpr=LVecBase3f(4.173404, -3.6948814, 14.493044) target_hpr=LVecBase3f(68.26547, -38.894535, -20.592098) smoothed_hpr=LVector3f(67.22143, -35.10867, -31.201385)
[debug][Left][frame 24] bone=L_IndexIntermediate alpha=0.180 local_fwd=(0.000,0.000,-1.000) sign=-1 target_dir=(-0.916,-0.099,-0.389) curr_fwd=(0.001,-0.259,0.966) swing_mix=0.000 base_order=r*rest base_dot=-0.350 base_hpr=LVecBase3f(-3.150887, 15.009679, 0.84993553) swing_hpr=LVecBase3f(0, 0, 0) target_hpr=LVecBase3f(-3.150887, 15.009679, 0.84993553) smoothed_hpr=LVector3f(-3.0523324, 16.725885, 2.5345726)
[debug][Left][frame 24] bone=L_IndexDistal alpha=0.180 local_fwd=(0.000,0.000,-1.000) sign=+1 target_dir=(-0.461,-0.000,-0.887) curr_fwd=(-0.052,-0.005,-0.999) swing_mix=1.000 base_order=r*rest base_dot=0.910 base_hpr=LVecBase3f(-1.8734484, -0.39477625, 2.982588) swing_hpr=LVecBase3f(-0.18995766, 0.21980467, 24.449947) target_hpr=LVecBase3f(-2.074585, -0.1851508, 27.431154) smoothed_hpr=LVector3f(-0.36254602, -7.9939546, 20.635303)
[debug][Left][frame 24] bone=L_LittleMetacarpal alpha=0.180 local_fwd=(-1.000,0.000,0.000) sign=+1 target_dir=(0.770,-0.217,0.600) curr_fwd=(-0.875,0.396,0.279) swing_mix=0.000 base_order=r*rest base_dot=-0.592 base_hpr=LVecBase3f(-23.959327, -1.2957984, 16.222385) swing_hpr=LVecBase3f(0, 0, 0) target_hpr=LVecBase3f(-23.959327, -1.2957984, 16.222385) smoothed_hpr=LVector3f(-23.994171, -0.26885777, 18.125886)
[debug][frame 25] hands=1 types=['Left']
[debug][Left][frame 25] root=(-0.1398,-0.0000,-0.3053) palm_up=(0.5895,-0.1710,0.7895) palm_n=(0.5932,0.7956,-0.1228) r_hand_hpr=LVecBase3f(53.41322, 44.65992, -80.06646)
[debug][Left][frame 25] bone=L_ThumbMetacarpal alpha=0.180 local_fwd=(0.000,0.000,-1.000) sign=-1 target_dir=(0.408,-0.090,0.908) curr_fwd=(-0.642,-0.362,0.676) swing_mix=0.300 base_order=r*rest base_dot=0.385 base_hpr=LVecBase3f(66.71248, -33.465251, -35.868305) swing_hpr=LVecBase3f(4.947368, -4.7098793, 17.68551) target_hpr=LVecBase3f(68.32776, -40.168777, -17.416706) smoothed_hpr=LVector3f(67.42057, -36.01949, -28.720142)
[debug][Left][frame 25] bone=L_IndexIntermediate alpha=0.180 local_fwd=(0.000,0.000,-1.000) sign=-1 target_dir=(-0.934,-0.039,-0.354) curr_fwd=(0.001,-0.259,0.966) swing_mix=0.000 base_order=r*rest base_dot=-0.333 base_hpr=LVecBase3f(-3.150887, 15.009679, 0.84993553) swing_hpr=LVecBase3f(0, 0, 0) target_hpr=LVecBase3f(-3.150887, 15.009679, 0.84993553) smoothed_hpr=LVector3f(-3.0700721, 16.416967, 2.231338)
[debug][Left][frame 25] bone=L_IndexDistal alpha=0.180 local_fwd=(0.000,0.000,-1.000) sign=+1 target_dir=(-0.445,0.020,-0.895) curr_fwd=(-0.052,-0.005,-0.999) swing_mix=1.000 base_order=r*rest base_dot=0.917 base_hpr=LVecBase3f(-1.8734484, -0.39477625, 2.982588) swing_hpr=LVecBase3f(-0.48561963, 1.373774, 23.45674) target_hpr=LVecBase3f(-2.429824, 0.9518877, 26.43621) smoothed_hpr=LVector3f(-0.7346561, -6.383703, 21.679466)
[debug][Left][frame 25] bone=L_LittleMetacarpal alpha=0.180 local_fwd=(-1.000,0.000,0.000) sign=+1 target_dir=(0.808,-0.203,0.554) curr_fwd=(-0.875,0.396,0.279) swing_mix=0.000 base_order=r*rest base_dot=-0.632 base_hpr=LVecBase3f(-23.959327, -1.2957984, 16.222385) swing_hpr=LVecBase3f(0, 0, 0) target_hpr=LVecBase3f(-23.959327, -1.2957984, 16.222385) smoothed_hpr=LVector3f(-23.9879, -0.4537071, 17.783256)
HEADLESS_RUN_OK
